#-----------------------------------------------------------
# Vivado v2019.1 (64-bit)
# SW Build 2552052 on Fri May 24 14:49:42 MDT 2019
# IP Build 2548770 on Fri May 24 18:01:18 MDT 2019
# Start of session at: Tue Nov 24 13:34:41 2020
# Process ID: 2484
# Current directory: C:/Users/nsheu/OneDrive/Desktop/DIGME/miniprojekt/ExampleImageGeneration/project
# Command line: vivado.exe -gui_launcher_event rodinguilauncherevent16232 C:\Users\nsheu\OneDrive\Desktop\DIGME\miniprojekt\ExampleImageGeneration\project\exampleImageGeneration.xpr
# Log file: C:/Users/nsheu/OneDrive/Desktop/DIGME/miniprojekt/ExampleImageGeneration/project/vivado.log
# Journal file: C:/Users/nsheu/OneDrive/Desktop/DIGME/miniprojekt/ExampleImageGeneration/project\vivado.jou
#-----------------------------------------------------------
start_gui
open_project C:/Users/nsheu/OneDrive/Desktop/DIGME/miniprojekt/ExampleImageGeneration/project/exampleImageGeneration.xpr
open_bd_design {C:/Users/nsheu/OneDrive/Desktop/DIGME/miniprojekt/ExampleImageGeneration/project/exampleImageGeneration.srcs/sources_1/bd/exampleImageGeneration/exampleImageGeneration.bd}
update_compile_order -fileset sources_1
